Alyssas-MacBook-Air:~ ANickow$ cd Desktop
Alyssas-MacBook-Air:Desktop ANickow$ cd DojoAssignments
Alyssas-MacBook-Air:DojoAssignments ANickow$ ls
MEAN		Ruby		assignments.txt	netCore
Python		WebFundamentals	iOS
Alyssas-MacBook-Air:DojoAssignments ANickow$ cd WebFundamentals
Alyssas-MacBook-Air:WebFundamentals ANickow$ ls
CSS		Git		HTML		Javascript	about.txt
Alyssas-MacBook-Air:WebFundamentals ANickow$ cd Git
Alyssas-MacBook-Air:Git ANickow$ mkdir GitHubRepoAssignment
Alyssas-MacBook-Air:Git ANickow$ cd GitHubRepoAssignment
Alyssas-MacBook-Air:GitHubRepoAssignment ANickow$ git init
Initialized empty Git repository in /Users/ANickow/Desktop/DojoAssignments/WebFundamentals/Git/GitHubRepoAssignment/.git/
Alyssas-MacBook-Air:GitHubRepoAssignment ANickow$ touch readme.md
Alyssas-MacBook-Air:GitHubRepoAssignment ANickow$ open readme.md
Alyssas-MacBook-Air:GitHubRepoAssignment ANickow$ git status
On branch master

Initial commit

Untracked files:
  (use "git add <file>..." to include in what will be committed)

	readme.md

nothing added to commit but untracked files present (use "git add" to track)
Alyssas-MacBook-Air:GitHubRepoAssignment ANickow$ git add .
Alyssas-MacBook-Air:GitHubRepoAssignment ANickow$ git commit -m "initial commit"
[master (root-commit) 78cadb7] initial commit
 1 file changed, 1 insertion(+)
 create mode 100644 readme.md
Alyssas-MacBook-Air:GitHubRepoAssignment ANickow$ git remote add origin https://github.com/cd-chicago-june-cohort/GitHubRepoAssignment_Alyssa.git
Alyssas-MacBook-Air:GitHubRepoAssignment ANickow$ git push -u origin master
Counting objects: 3, done.
Delta compression using up to 4 threads.
Compressing objects: 100% (2/2), done.
Writing objects: 100% (3/3), 267 bytes | 0 bytes/s, done.
Total 3 (delta 0), reused 0 (delta 0)
To https://github.com/cd-chicago-june-cohort/GitHubRepoAssignment_Alyssa.git
 * [new branch]      master -> master
Branch master set up to track remote branch master from origin.
Alyssas-MacBook-Air:GitHubRepoAssignment ANickow$ 